  Determining projects to restore...
C:\Users\asus\Desktop\Accounting\backend\src\Accounting.Application\Accounting.Application.csproj : warning NU1903: Package 'AutoMapper' 12.0.1 has a known high severity vulnerability, https://github.com/advisories/GHSA-rvv3-g6hj-g44x [C:\Users\asus\Desktop\Accounting\backend\tests\Accounting.Application.Tests\Accounting.Application.Tests.csproj]
C:\Users\asus\Desktop\Accounting\backend\tests\Accounting.Application.Tests\Accounting.Application.Tests.csproj : warning NU1903: Package 'AutoMapper' 12.0.1 has a known high severity vulnerability, https://github.com/advisories/GHSA-rvv3-g6hj-g44x
  All projects are up-to-date for restore.
C:\Users\asus\Desktop\Accounting\backend\tests\Accounting.Application.Tests\Accounting.Application.Tests.csproj : warning NU1903: Package 'AutoMapper' 12.0.1 has a known high severity vulnerability, https://github.com/advisories/GHSA-rvv3-g6hj-g44x
C:\Users\asus\Desktop\Accounting\backend\src\Accounting.Application\Accounting.Application.csproj : warning NU1903: Package 'AutoMapper' 12.0.1 has a known high severity vulnerability, https://github.com/advisories/GHSA-rvv3-g6hj-g44x
  Accounting.Core -> C:\Users\asus\Desktop\Accounting\backend\src\Accounting.Core\bin\Debug\net8.0\Accounting.Core.dll
  Accounting.Application -> C:\Users\asus\Desktop\Accounting\backend\src\Accounting.Application\bin\Debug\net8.0\Accounting.Application.dll
  Accounting.Infrastructure -> C:\Users\asus\Desktop\Accounting\backend\src\Accounting.Infrastructure\bin\Debug\net8.0\Accounting.Infrastructure.dll
  Accounting.Application.Tests -> C:\Users\asus\Desktop\Accounting\backend\tests\Accounting.Application.Tests\bin\Debug\net8.0\Accounting.Application.Tests.dll
Test run for C:\Users\asus\Desktop\Accounting\backend\tests\Accounting.Application.Tests\bin\Debug\net8.0\Accounting.Application.Tests.dll (.NETCoreApp,Version=v8.0)
VSTest version 17.11.1 (x64)

Starting test execution, please wait...
A total of 1 test files matched the specified pattern.

Passed!  - Failed:     0, Passed:     6, Skipped:     0, Total:     6, Duration: 809 ms - Accounting.Application.Tests.dll (net8.0)
